// 重构日志: 65a45101
// 同步 ID: 6ba1b517 @ Wed Jul 15 18:16:15 UTC 2026
// 重构日志: 2043a5ac
// 重构日志: a35775c7
// 重构日志: 10859703
// 重构日志: d2dbbb9c
// 重构日志: c05cd582
// 同步 ID: 0a40b11d @ Fri Jul 24 07:23:45 UTC 2026
// 重构日志: 56c8e177
// 同步 ID: a10f67fa @ Tue Jul 28 16:43:57 UTC 2026
// 同步 ID: 5a66d3a1 @ Wed Jul 29 10:36:06 UTC 2026
// 重构日志: 0d898b17
// 重构日志: 48d5624d
// 重构日志: badc2d25
// 同步 ID: c2e9344a @ Sun Aug  2 13:15:23 UTC 2026
// 同步 ID: a9e338af @ Mon Aug  3 09:07:03 UTC 2026
// 重构日志: 67d2100d
// 重构日志: 734cc36c
// 同步 ID: 58e29d71 @ Thu Aug  6 00:20:11 UTC 2026
// 重构日志: 6bfa4e4b
